#-----------------------------------------------------------
# Vivado v2025.1 (64-bit)
# SW Build 6140274 on Thu May 22 00:12:29 MDT 2025
# IP Build 6138677 on Thu May 22 03:10:11 MDT 2025
# SharedData Build 6139179 on Tue May 20 17:58:58 MDT 2025
# Start of session at: Sat Jul 26 23:50:10 2025
# Process ID         : 11248
# Current directory  : C:/Users/Alex/Documents/Personal Tech Projects/FPGA-ASIC Synth/FPGA_Synth/FPGA_Synth.runs/synth_1
# Command line       : vivado.exe -log LFO.vds -product Vivado -mode batch -messageDb vivado.pb -notrace -source LFO.tcl
# Log file           : C:/Users/Alex/Documents/Personal Tech Projects/FPGA-ASIC Synth/FPGA_Synth/FPGA_Synth.runs/synth_1/LFO.vds
# Journal file       : C:/Users/Alex/Documents/Personal Tech Projects/FPGA-ASIC Synth/FPGA_Synth/FPGA_Synth.runs/synth_1\vivado.jou
# Running On         : DESKTOP-M9DKQUI
# Platform           : Windows Server 2016 or Windows 10
# Operating System   : 26100
# Processor Detail   : AMD Ryzen 9 9950X3D 16-Core Processor          
# CPU Frequency      : 4300 MHz
# CPU Physical cores : 16
# CPU Logical cores  : 32
# Host memory        : 66094 MB
# Swap memory        : 4160 MB
# Total Virtual      : 70254 MB
# Available Virtual  : 27968 MB
#-----------------------------------------------------------
source LFO.tcl -notrace
